// Jest Snapshot v1, https://goo.gl/fbAQLP

exports[`ColorPicker component renders a ColorPicker 1`] = `
<Fragment>
  <button
    onClick={[Function]}
    style={
      Object {
        "backgroundColor": "red",
        "height": "100px",
        "width": "100px",
      }
    }
  >
    Red
  </button>
  <button
    onClick={[Function]}
    style={
      Object {
        "backgroundColor": "yellow",
        "height": "100px",
        "width": "100px",
      }
    }
  >
    Yellow
  </button>
  <button
    onClick={[Function]}
    style={
      Object {
        "backgroundColor": "blue",
        "height": "100px",
        "width": "100px",
      }
    }
  >
    Blue
  </button>
  <div />
</Fragment>
`;
